---
source: statum-graph/tests/codebase.rs
expression: "render::mermaid(&doc)"
---
%% linked machines: 4
graph TD
    subgraph m0["codebase::detached::Machine"]
        m0_s0["Alone"]
    end
    subgraph m1["codebase::named_holder::Machine"]
        m1_s0["Pending (data)"]
        m1_s1["Settled"]
    end
    subgraph m2["Task Machine"]
        m2_s0["Idle"]
        m2_s1["Running"]
        m2_s2["Done"]
    end
    subgraph m3["Workflow Machine"]
        m3_s0["Draft"]
        m3_s1["In Progress"]
        m3_s2["Complete"]
    end

    m1_s0 -->|settle| m1_s1
    m2_s0 -->|Start Task| m2_s1
    m2_s1 -->|finish| m2_s2
    m3_s0 -->|Start Workflow| m3_s1
    m3_s1 -->|finish| m3_s2

    m1_s0 -.->|child| m2_s2
    m3_s1 -.->|state_data| m2_s1
